[2024-08-06T17:07:24.590+0000] {local_task_job_runner.py:120} INFO - ::group::Pre task execution logs
[2024-08-06T17:07:24.711+0000] {taskinstance.py:2076} INFO - Dependencies all met for dep_context=non-requeueable deps ti=<TaskInstance: motower_daily_prod.motower_dcaparc scheduled__2024-03-15T06:00:00+00:00 [queued]>
[2024-08-06T17:07:24.756+0000] {taskinstance.py:2076} INFO - Dependencies all met for dep_context=requeueable deps ti=<TaskInstance: motower_daily_prod.motower_dcaparc scheduled__2024-03-15T06:00:00+00:00 [queued]>
[2024-08-06T17:07:24.757+0000] {taskinstance.py:2306} INFO - Starting attempt 1 of 1
[2024-08-06T17:07:24.831+0000] {taskinstance.py:2330} INFO - Executing <Task(PythonOperator): motower_dcaparc> on 2024-03-15 06:00:00+00:00
[2024-08-06T17:07:24.863+0000] {warnings.py:112} WARNING - /home/***/.local/lib/python3.12/site-packages/***/task/task_runner/standard_task_runner.py:62: DeprecationWarning: This process (pid=3352) is multi-threaded, use of fork() may lead to deadlocks in the child.
  pid = os.fork()

[2024-08-06T17:07:24.867+0000] {standard_task_runner.py:64} INFO - Started process 3370 to run task
[2024-08-06T17:07:24.896+0000] {standard_task_runner.py:90} INFO - Running: ['***', 'tasks', 'run', 'motower_daily_prod', 'motower_dcaparc', 'scheduled__2024-03-15T06:00:00+00:00', '--job-id', '782', '--raw', '--subdir', 'DAGS_FOLDER/gps/custom_dags/motower_daily.py', '--cfg-path', '/tmp/tmp06fg4x4a']
[2024-08-06T17:07:24.904+0000] {standard_task_runner.py:91} INFO - Job 782: Subtask motower_dcaparc
[2024-08-06T17:07:25.177+0000] {task_command.py:426} INFO - Running <TaskInstance: motower_daily_prod.motower_dcaparc scheduled__2024-03-15T06:00:00+00:00 [running]> on host 13681191f11c
[2024-08-06T17:07:25.855+0000] {taskinstance.py:2648} INFO - Exporting env vars: AIRFLOW_CTX_DAG_EMAIL='richmond.kongo@orange.com,assane.diop@orange.com,cyrille1.danho@orange.com,mohamed2.sylla@orange.com,amadou.diomande@orange.com,Jonas.kouame@orange.com,armand.kablan@orange.com,anicet.azombade@orange.com,etienne.kouadio@orange.com,bertine.kouakou@orange.com,florentine.kouakou@orange.com,ange.phaceli@orange.com,soulegame.soro@orange.com,innocent.yengo@orange.com' AIRFLOW_CTX_DAG_OWNER='***' AIRFLOW_CTX_DAG_ID='motower_daily_prod' AIRFLOW_CTX_TASK_ID='motower_dcaparc' AIRFLOW_CTX_EXECUTION_DATE='2024-03-15T06:00:00+00:00' AIRFLOW_CTX_TRY_NUMBER='1' AIRFLOW_CTX_DAG_RUN_ID='scheduled__2024-03-15T06:00:00+00:00'
[2024-08-06T17:07:25.857+0000] {taskinstance.py:430} INFO - ::endgroup::
[2024-08-06T17:07:25.922+0000] {motower_daily.py:106} INFO - get last modified bdd sites cleaned
[2024-08-06T17:07:25.960+0000] {motower_daily.py:117} INFO - READING BASE_SITES-cleaned/2024/04/02.csv
[2024-08-06T17:07:26.174+0000] {data_validation.py:28} INFO - START VALIDATION 
[2024-08-06T17:07:26.178+0000] {data_validation.py:40} INFO - VALID ACTIFS SITES 3482
[2024-08-06T17:07:26.179+0000] {motower_daily.py:127} INFO - GET CA PARC FILE OF THE DAY 2024-03-14
[2024-08-06T17:07:26.180+0000] {motower_daily.py:131} INFO - READING ca-parc/2024/03/14.csv
[2024-08-06T17:07:26.248+0000] {motower_daily.py:136} INFO - DAILY KPI -      day_id       ca_voix       ca_data      parc  parc_data   parc_2g  parc_3g  parc_4g  parc_5g  parc_other      ca_total
0  20240314  5.602528e+08  7.290098e+08  16901777    9005125  13081875   912390  7139566   387610     1507765  1.306526e+09
[2024-08-06T17:07:26.249+0000] {data_validation.py:11} INFO - START VALIDATION OF COLUMN ca_total
[2024-08-06T17:07:26.252+0000] {data_validation.py:20} INFO - DATA OF COLUMN ca_total ARE VALID
[2024-08-06T17:07:26.252+0000] {data_validation.py:11} INFO - START VALIDATION OF COLUMN ca_voix
[2024-08-06T17:07:26.255+0000] {data_validation.py:20} INFO - DATA OF COLUMN ca_voix ARE VALID
[2024-08-06T17:07:26.255+0000] {data_validation.py:11} INFO - START VALIDATION OF COLUMN ca_data
[2024-08-06T17:07:26.257+0000] {data_validation.py:20} INFO - DATA OF COLUMN ca_data ARE VALID
[2024-08-06T17:07:26.258+0000] {data_validation.py:11} INFO - START VALIDATION OF COLUMN parc
[2024-08-06T17:07:26.260+0000] {data_validation.py:20} INFO - DATA OF COLUMN parc ARE VALID
[2024-08-06T17:07:26.261+0000] {data_validation.py:11} INFO - START VALIDATION OF COLUMN parc_data
[2024-08-06T17:07:26.263+0000] {data_validation.py:20} INFO - DATA OF COLUMN parc_data ARE VALID
[2024-08-06T17:07:26.264+0000] {motower_daily.py:139} INFO - MERGING BDD AND CA
[2024-08-06T17:07:26.273+0000] {motower_daily.py:141} INFO - prepare final daily data
[2024-08-06T17:07:26.276+0000] {logging_mixin.py:188} INFO - Index(['site', 'site bts', 'site physique', 'gestionnaire', 'proprietaire',
       'code oci', 'equipementier telecom', 'longitude', 'latitude',
       'type du site', 'antenna_mode', 'statut', 'couche en service',
       'technologie', 'technologie sans tdd', 'date mes', 'date mes 2g',
       'date mes 3g', 'date mes 4g', 'annee construction pylone', 'autre code',
       'code esco', 'code ihs', 'statut partage', 'statut sharing',
       'statut proprietaire', 'geo localite', 'commune', 'departement',
       'region', 'district', 'partenaires', 'localisation', 'ville',
       'quartier', 'type geolocalite', 'clutter', 'id quartier',
       'id geolocalite', 'type baie', 'hauteur batiment', 'tower type',
       'tower height', 'tower location', 'type energie', 'projet',
       'new project', 'position site', 'type indoor', 'decoupage',
       'sous coloc', 'tenant', 'mois', 'code oci id', 'day_id', 'id_site',
       'ca_voix', 'ca_data', 'ca_total', 'trafic_voix_in', 'trafic_data_in',
       'parc', 'parc_data', 'parc_2g', 'parc_3g', 'parc_4g', 'parc_5g',
       'parc_other', 'jour'],
      dtype='object')
[2024-08-06T17:07:26.281+0000] {warnings.py:112} WARNING - /opt/***/dags/gps/common/motower_daily.py:148: SettingWithCopyWarning: 
A value is trying to be set on a copy of a slice from a DataFrame

See the caveats in the documentation: https://pandas.pydata.org/pandas-docs/stable/user_guide/indexing.html#returning-a-view-versus-a-copy
  df_final.rename(columns=DAILY_CAPARC_COL, inplace=True)

[2024-08-06T17:07:26.284+0000] {warnings.py:112} WARNING - /opt/***/dags/gps/common/motower_daily.py:149: SettingWithCopyWarning: 
A value is trying to be set on a copy of a slice from a DataFrame.
Try using .loc[row_indexer,col_indexer] = value instead

See the caveats in the documentation: https://pandas.pydata.org/pandas-docs/stable/user_guide/indexing.html#returning-a-view-versus-a-copy
  df_final["trafic_data_in_mo"] = df_final["trafic_data_in"] / 1000

[2024-08-06T17:07:26.285+0000] {warnings.py:112} WARNING - /opt/***/dags/gps/common/motower_daily.py:150: SettingWithCopyWarning: 
A value is trying to be set on a copy of a slice from a DataFrame.
Try using .loc[row_indexer,col_indexer] = value instead

See the caveats in the documentation: https://pandas.pydata.org/pandas-docs/stable/user_guide/indexing.html#returning-a-view-versus-a-copy
  df_final["ca_norm"] = None

[2024-08-06T17:07:26.287+0000] {warnings.py:112} WARNING - /opt/***/dags/gps/common/motower_daily.py:151: SettingWithCopyWarning: 
A value is trying to be set on a copy of a slice from a DataFrame.
Try using .loc[row_indexer,col_indexer] = value instead

See the caveats in the documentation: https://pandas.pydata.org/pandas-docs/stable/user_guide/indexing.html#returning-a-view-versus-a-copy
  df_final["ca_mtd"] = None

[2024-08-06T17:07:26.289+0000] {warnings.py:112} WARNING - /opt/***/dags/gps/common/motower_daily.py:152: SettingWithCopyWarning: 
A value is trying to be set on a copy of a slice from a DataFrame.
Try using .loc[row_indexer,col_indexer] = value instead

See the caveats in the documentation: https://pandas.pydata.org/pandas-docs/stable/user_guide/indexing.html#returning-a-view-versus-a-copy
  df_final["segment"] = None

[2024-08-06T17:07:26.290+0000] {warnings.py:112} WARNING - /opt/***/dags/gps/common/motower_daily.py:153: SettingWithCopyWarning: 
A value is trying to be set on a copy of a slice from a DataFrame.
Try using .loc[row_indexer,col_indexer] = value instead

See the caveats in the documentation: https://pandas.pydata.org/pandas-docs/stable/user_guide/indexing.html#returning-a-view-versus-a-copy
  df_final["previous_segment"] = None

[2024-08-06T17:07:26.292+0000] {warnings.py:112} WARNING - /opt/***/dags/gps/common/motower_daily.py:154: SettingWithCopyWarning: 
A value is trying to be set on a copy of a slice from a DataFrame.
Try using .loc[row_indexer,col_indexer] = value instead

See the caveats in the documentation: https://pandas.pydata.org/pandas-docs/stable/user_guide/indexing.html#returning-a-view-versus-a-copy
  df_final["evolution_segment"] = None

[2024-08-06T17:07:26.292+0000] {logging_mixin.py:188} INFO - 3
[2024-08-06T17:07:26.293+0000] {logging_mixin.py:188} INFO - 2024-03-14 00:00:00
[2024-08-06T17:07:26.327+0000] {motower_daily.py:200} INFO - ADD  SEGMENT
[2024-08-06T17:07:27.184+0000] {motower_daily.py:205} INFO - DATA VALIDATION AFTER MERGING
[2024-08-06T17:07:27.185+0000] {data_validation.py:28} INFO - START VALIDATION 
[2024-08-06T17:07:27.188+0000] {data_validation.py:40} INFO - VALID ACTIFS SITES 3482
[2024-08-06T17:07:27.212+0000] {motower_daily.py:216} INFO - DAILY KPI -         jour       ca_voix      ca_data  parc_global  parc_data    parc_2g   parc_3g    parc_4g   parc_5g  autre_parc      ca_total
0 2024-03-14  5.580229e+08  726188474.4   15462654.0  8970839.0  6114046.0  206033.0  5060007.0  335905.0    719786.0  1.299000e+09
[2024-08-06T17:07:27.213+0000] {data_validation.py:11} INFO - START VALIDATION OF COLUMN ca_total
[2024-08-06T17:07:27.215+0000] {data_validation.py:20} INFO - DATA OF COLUMN ca_total ARE VALID
[2024-08-06T17:07:27.216+0000] {data_validation.py:11} INFO - START VALIDATION OF COLUMN ca_voix
[2024-08-06T17:07:27.218+0000] {data_validation.py:20} INFO - DATA OF COLUMN ca_voix ARE VALID
[2024-08-06T17:07:27.219+0000] {data_validation.py:11} INFO - START VALIDATION OF COLUMN ca_data
[2024-08-06T17:07:27.221+0000] {data_validation.py:20} INFO - DATA OF COLUMN ca_data ARE VALID
[2024-08-06T17:07:27.222+0000] {data_validation.py:11} INFO - START VALIDATION OF COLUMN parc_global
[2024-08-06T17:07:27.225+0000] {data_validation.py:20} INFO - DATA OF COLUMN parc_global ARE VALID
[2024-08-06T17:07:27.225+0000] {data_validation.py:11} INFO - START VALIDATION OF COLUMN parc_data
[2024-08-06T17:07:27.228+0000] {data_validation.py:20} INFO - DATA OF COLUMN parc_data ARE VALID
[2024-08-06T17:07:27.326+0000] {logging_mixin.py:188} INFO -         jour code_oci  code_oci_id  ... segment previous_segment evolution_segment
0 2024-03-14  OCI4069       4069.0  ...    None             None              None
1 2024-03-14  OCI4064       4064.0  ...    None             None              None
2 2024-03-14  OCI4092       4092.0  ...    None             None              None
3 2024-03-14  OCI4080       4080.0  ...    None             None              None
4 2024-03-14  OCI4073       4073.0  ...    None             None              None

[5 rows x 38 columns]
[2024-08-06T17:07:27.428+0000] {logging_mixin.py:188} INFO -         jour code_oci  code_oci_id  ... segment previous_segment evolution_segment
0 2024-03-14  OCI4069       4069.0  ...    None             None              None
1 2024-03-14  OCI4064       4064.0  ...    None             None              None
2 2024-03-14  OCI4092       4092.0  ...    None             None              None
3 2024-03-14  OCI4080       4080.0  ...    None             None              None
4 2024-03-14  OCI4073       4073.0  ...    None             None              None

[5 rows x 38 columns]
[2024-08-06T17:07:27.449+0000] {warnings.py:112} WARNING - /opt/***/dags/gps/custom_dags/motower_daily.py:139: SettingWithCopyWarning: 
A value is trying to be set on a copy of a slice from a DataFrame.
Try using .loc[row_indexer,col_indexer] = value instead

See the caveats in the documentation: https://pandas.pydata.org/pandas-docs/stable/user_guide/indexing.html#returning-a-view-versus-a-copy
  df_faits['mois'] = data["jour"].dt.month

[2024-08-06T17:07:27.451+0000] {warnings.py:112} WARNING - /opt/***/dags/gps/custom_dags/motower_daily.py:140: SettingWithCopyWarning: 
A value is trying to be set on a copy of a slice from a DataFrame.
Try using .loc[row_indexer,col_indexer] = value instead

See the caveats in the documentation: https://pandas.pydata.org/pandas-docs/stable/user_guide/indexing.html#returning-a-view-versus-a-copy
  df_faits['annee'] = data["jour"].dt.year

[2024-08-06T17:07:31.817+0000] {python.py:237} INFO - Done. Returned value was: None
[2024-08-06T17:07:31.818+0000] {taskinstance.py:441} INFO - ::group::Post task execution logs
[2024-08-06T17:07:31.838+0000] {taskinstance.py:1206} INFO - Marking task as SUCCESS. dag_id=motower_daily_prod, task_id=motower_dcaparc, run_id=scheduled__2024-03-15T06:00:00+00:00, execution_date=20240315T060000, start_date=20240806T170724, end_date=20240806T170731
[2024-08-06T17:07:32.223+0000] {local_task_job_runner.py:243} INFO - Task exited with return code 0
[2024-08-06T17:07:32.251+0000] {taskinstance.py:3503} INFO - 0 downstream tasks scheduled from follow-on schedule check
[2024-08-06T17:07:32.260+0000] {local_task_job_runner.py:222} INFO - ::endgroup::
[2024-08-06T17:37:43.510+0000] {local_task_job_runner.py:120} INFO - ::group::Pre task execution logs
[2024-08-06T17:37:43.538+0000] {taskinstance.py:2076} INFO - Dependencies all met for dep_context=non-requeueable deps ti=<TaskInstance: motower_daily_prod.motower_dcaparc scheduled__2024-03-15T06:00:00+00:00 [queued]>
[2024-08-06T17:37:43.548+0000] {taskinstance.py:2076} INFO - Dependencies all met for dep_context=requeueable deps ti=<TaskInstance: motower_daily_prod.motower_dcaparc scheduled__2024-03-15T06:00:00+00:00 [queued]>
[2024-08-06T17:37:43.548+0000] {taskinstance.py:2306} INFO - Starting attempt 1 of 1
[2024-08-06T17:37:43.560+0000] {taskinstance.py:2330} INFO - Executing <Task(PythonOperator): motower_dcaparc> on 2024-03-15 06:00:00+00:00
[2024-08-06T17:37:43.567+0000] {warnings.py:112} WARNING - /home/***/.local/lib/python3.12/site-packages/***/task/task_runner/standard_task_runner.py:62: DeprecationWarning: This process (pid=7476) is multi-threaded, use of fork() may lead to deadlocks in the child.
  pid = os.fork()

[2024-08-06T17:37:43.568+0000] {standard_task_runner.py:64} INFO - Started process 7478 to run task
[2024-08-06T17:37:43.568+0000] {standard_task_runner.py:90} INFO - Running: ['***', 'tasks', 'run', 'motower_daily_prod', 'motower_dcaparc', 'scheduled__2024-03-15T06:00:00+00:00', '--job-id', '2037', '--raw', '--subdir', 'DAGS_FOLDER/gps/custom_dags/motower_daily.py', '--cfg-path', '/tmp/tmpuc879qbq']
[2024-08-06T17:37:43.570+0000] {standard_task_runner.py:91} INFO - Job 2037: Subtask motower_dcaparc
[2024-08-06T17:37:43.610+0000] {task_command.py:426} INFO - Running <TaskInstance: motower_daily_prod.motower_dcaparc scheduled__2024-03-15T06:00:00+00:00 [running]> on host 13681191f11c
[2024-08-06T17:37:43.697+0000] {taskinstance.py:2648} INFO - Exporting env vars: AIRFLOW_CTX_DAG_EMAIL='richmond.kongo@orange.com,assane.diop@orange.com,cyrille1.danho@orange.com,mohamed2.sylla@orange.com,amadou.diomande@orange.com,Jonas.kouame@orange.com,armand.kablan@orange.com,anicet.azombade@orange.com,etienne.kouadio@orange.com,bertine.kouakou@orange.com,florentine.kouakou@orange.com,ange.phaceli@orange.com,soulegame.soro@orange.com,innocent.yengo@orange.com' AIRFLOW_CTX_DAG_OWNER='***' AIRFLOW_CTX_DAG_ID='motower_daily_prod' AIRFLOW_CTX_TASK_ID='motower_dcaparc' AIRFLOW_CTX_EXECUTION_DATE='2024-03-15T06:00:00+00:00' AIRFLOW_CTX_TRY_NUMBER='1' AIRFLOW_CTX_DAG_RUN_ID='scheduled__2024-03-15T06:00:00+00:00'
[2024-08-06T17:37:43.698+0000] {taskinstance.py:430} INFO - ::endgroup::
[2024-08-06T17:37:43.713+0000] {motower_daily.py:106} INFO - get last modified bdd sites cleaned
[2024-08-06T17:37:43.722+0000] {motower_daily.py:117} INFO - READING BASE_SITES-cleaned/2024/04/02.csv
[2024-08-06T17:37:43.795+0000] {data_validation.py:28} INFO - START VALIDATION 
[2024-08-06T17:37:43.796+0000] {data_validation.py:40} INFO - VALID ACTIFS SITES 3482
[2024-08-06T17:37:43.797+0000] {motower_daily.py:127} INFO - GET CA PARC FILE OF THE DAY 2024-03-14
[2024-08-06T17:37:43.797+0000] {motower_daily.py:131} INFO - READING ca-parc/2024/03/14.csv
[2024-08-06T17:37:43.820+0000] {motower_daily.py:136} INFO - DAILY KPI -      day_id       ca_voix       ca_data      parc  parc_data   parc_2g  parc_3g  parc_4g  parc_5g  parc_other      ca_total
0  20240314  5.602528e+08  7.290098e+08  16901777    9005125  13081875   912390  7139566   387610     1507765  1.306526e+09
[2024-08-06T17:37:43.820+0000] {data_validation.py:11} INFO - START VALIDATION OF COLUMN ca_total
[2024-08-06T17:37:43.822+0000] {data_validation.py:20} INFO - DATA OF COLUMN ca_total ARE VALID
[2024-08-06T17:37:43.822+0000] {data_validation.py:11} INFO - START VALIDATION OF COLUMN ca_voix
[2024-08-06T17:37:43.823+0000] {data_validation.py:20} INFO - DATA OF COLUMN ca_voix ARE VALID
[2024-08-06T17:37:43.823+0000] {data_validation.py:11} INFO - START VALIDATION OF COLUMN ca_data
[2024-08-06T17:37:43.824+0000] {data_validation.py:20} INFO - DATA OF COLUMN ca_data ARE VALID
[2024-08-06T17:37:43.824+0000] {data_validation.py:11} INFO - START VALIDATION OF COLUMN parc
[2024-08-06T17:37:43.825+0000] {data_validation.py:20} INFO - DATA OF COLUMN parc ARE VALID
[2024-08-06T17:37:43.825+0000] {data_validation.py:11} INFO - START VALIDATION OF COLUMN parc_data
[2024-08-06T17:37:43.826+0000] {data_validation.py:20} INFO - DATA OF COLUMN parc_data ARE VALID
[2024-08-06T17:37:43.826+0000] {motower_daily.py:139} INFO - MERGING BDD AND CA
[2024-08-06T17:37:43.830+0000] {motower_daily.py:141} INFO - prepare final daily data
[2024-08-06T17:37:43.831+0000] {logging_mixin.py:188} INFO - Index(['site', 'site bts', 'site physique', 'gestionnaire', 'proprietaire',
       'code oci', 'equipementier telecom', 'longitude', 'latitude',
       'type du site', 'antenna_mode', 'statut', 'couche en service',
       'technologie', 'technologie sans tdd', 'date mes', 'date mes 2g',
       'date mes 3g', 'date mes 4g', 'annee construction pylone', 'autre code',
       'code esco', 'code ihs', 'statut partage', 'statut sharing',
       'statut proprietaire', 'geo localite', 'commune', 'departement',
       'region', 'district', 'partenaires', 'localisation', 'ville',
       'quartier', 'type geolocalite', 'clutter', 'id quartier',
       'id geolocalite', 'type baie', 'hauteur batiment', 'tower type',
       'tower height', 'tower location', 'type energie', 'projet',
       'new project', 'position site', 'type indoor', 'decoupage',
       'sous coloc', 'tenant', 'mois', 'code oci id', 'day_id', 'id_site',
       'ca_voix', 'ca_data', 'ca_total', 'trafic_voix_in', 'trafic_data_in',
       'parc', 'parc_data', 'parc_2g', 'parc_3g', 'parc_4g', 'parc_5g',
       'parc_other', 'jour'],
      dtype='object')
[2024-08-06T17:37:43.834+0000] {warnings.py:112} WARNING - /opt/***/dags/gps/common/motower_daily.py:148: SettingWithCopyWarning: 
A value is trying to be set on a copy of a slice from a DataFrame

See the caveats in the documentation: https://pandas.pydata.org/pandas-docs/stable/user_guide/indexing.html#returning-a-view-versus-a-copy
  df_final.rename(columns=DAILY_CAPARC_COL, inplace=True)

[2024-08-06T17:37:43.835+0000] {warnings.py:112} WARNING - /opt/***/dags/gps/common/motower_daily.py:149: SettingWithCopyWarning: 
A value is trying to be set on a copy of a slice from a DataFrame.
Try using .loc[row_indexer,col_indexer] = value instead

See the caveats in the documentation: https://pandas.pydata.org/pandas-docs/stable/user_guide/indexing.html#returning-a-view-versus-a-copy
  df_final["trafic_data_in_mo"] = df_final["trafic_data_in"] / 1000

[2024-08-06T17:37:43.836+0000] {warnings.py:112} WARNING - /opt/***/dags/gps/common/motower_daily.py:150: SettingWithCopyWarning: 
A value is trying to be set on a copy of a slice from a DataFrame.
Try using .loc[row_indexer,col_indexer] = value instead

See the caveats in the documentation: https://pandas.pydata.org/pandas-docs/stable/user_guide/indexing.html#returning-a-view-versus-a-copy
  df_final["ca_norm"] = None

[2024-08-06T17:37:43.837+0000] {warnings.py:112} WARNING - /opt/***/dags/gps/common/motower_daily.py:151: SettingWithCopyWarning: 
A value is trying to be set on a copy of a slice from a DataFrame.
Try using .loc[row_indexer,col_indexer] = value instead

See the caveats in the documentation: https://pandas.pydata.org/pandas-docs/stable/user_guide/indexing.html#returning-a-view-versus-a-copy
  df_final["ca_mtd"] = None

[2024-08-06T17:37:43.838+0000] {warnings.py:112} WARNING - /opt/***/dags/gps/common/motower_daily.py:152: SettingWithCopyWarning: 
A value is trying to be set on a copy of a slice from a DataFrame.
Try using .loc[row_indexer,col_indexer] = value instead

See the caveats in the documentation: https://pandas.pydata.org/pandas-docs/stable/user_guide/indexing.html#returning-a-view-versus-a-copy
  df_final["segment"] = None

[2024-08-06T17:37:43.840+0000] {warnings.py:112} WARNING - /opt/***/dags/gps/common/motower_daily.py:153: SettingWithCopyWarning: 
A value is trying to be set on a copy of a slice from a DataFrame.
Try using .loc[row_indexer,col_indexer] = value instead

See the caveats in the documentation: https://pandas.pydata.org/pandas-docs/stable/user_guide/indexing.html#returning-a-view-versus-a-copy
  df_final["previous_segment"] = None

[2024-08-06T17:37:43.840+0000] {warnings.py:112} WARNING - /opt/***/dags/gps/common/motower_daily.py:154: SettingWithCopyWarning: 
A value is trying to be set on a copy of a slice from a DataFrame.
Try using .loc[row_indexer,col_indexer] = value instead

See the caveats in the documentation: https://pandas.pydata.org/pandas-docs/stable/user_guide/indexing.html#returning-a-view-versus-a-copy
  df_final["evolution_segment"] = None

[2024-08-06T17:37:43.841+0000] {logging_mixin.py:188} INFO - 3
[2024-08-06T17:37:43.841+0000] {logging_mixin.py:188} INFO - 2024-03-14 00:00:00
[2024-08-06T17:37:43.859+0000] {motower_daily.py:200} INFO - ADD  SEGMENT
[2024-08-06T17:37:44.208+0000] {motower_daily.py:205} INFO - DATA VALIDATION AFTER MERGING
[2024-08-06T17:37:44.208+0000] {data_validation.py:28} INFO - START VALIDATION 
[2024-08-06T17:37:44.210+0000] {data_validation.py:40} INFO - VALID ACTIFS SITES 3482
[2024-08-06T17:37:44.220+0000] {motower_daily.py:216} INFO - DAILY KPI -         jour       ca_voix      ca_data  parc_global  parc_data    parc_2g   parc_3g    parc_4g   parc_5g  autre_parc      ca_total
0 2024-03-14  5.580229e+08  726188474.4   15462654.0  8970839.0  6114046.0  206033.0  5060007.0  335905.0    719786.0  1.299000e+09
[2024-08-06T17:37:44.220+0000] {data_validation.py:11} INFO - START VALIDATION OF COLUMN ca_total
[2024-08-06T17:37:44.221+0000] {data_validation.py:20} INFO - DATA OF COLUMN ca_total ARE VALID
[2024-08-06T17:37:44.222+0000] {data_validation.py:11} INFO - START VALIDATION OF COLUMN ca_voix
[2024-08-06T17:37:44.223+0000] {data_validation.py:20} INFO - DATA OF COLUMN ca_voix ARE VALID
[2024-08-06T17:37:44.223+0000] {data_validation.py:11} INFO - START VALIDATION OF COLUMN ca_data
[2024-08-06T17:37:44.224+0000] {data_validation.py:20} INFO - DATA OF COLUMN ca_data ARE VALID
[2024-08-06T17:37:44.224+0000] {data_validation.py:11} INFO - START VALIDATION OF COLUMN parc_global
[2024-08-06T17:37:44.225+0000] {data_validation.py:20} INFO - DATA OF COLUMN parc_global ARE VALID
[2024-08-06T17:37:44.225+0000] {data_validation.py:11} INFO - START VALIDATION OF COLUMN parc_data
[2024-08-06T17:37:44.226+0000] {data_validation.py:20} INFO - DATA OF COLUMN parc_data ARE VALID
[2024-08-06T17:37:44.267+0000] {logging_mixin.py:188} INFO -         jour code_oci  code_oci_id  ... segment previous_segment evolution_segment
0 2024-03-14  OCI4069       4069.0  ...    None             None              None
1 2024-03-14  OCI4064       4064.0  ...    None             None              None
2 2024-03-14  OCI4092       4092.0  ...    None             None              None
3 2024-03-14  OCI4080       4080.0  ...    None             None              None
4 2024-03-14  OCI4073       4073.0  ...    None             None              None

[5 rows x 38 columns]
[2024-08-06T17:37:44.308+0000] {logging_mixin.py:188} INFO -         jour code_oci  code_oci_id  ... segment previous_segment evolution_segment
0 2024-03-14  OCI4069       4069.0  ...    None             None              None
1 2024-03-14  OCI4064       4064.0  ...    None             None              None
2 2024-03-14  OCI4092       4092.0  ...    None             None              None
3 2024-03-14  OCI4080       4080.0  ...    None             None              None
4 2024-03-14  OCI4073       4073.0  ...    None             None              None

[5 rows x 38 columns]
[2024-08-06T17:37:44.317+0000] {warnings.py:112} WARNING - /opt/***/dags/gps/custom_dags/motower_daily.py:139: SettingWithCopyWarning: 
A value is trying to be set on a copy of a slice from a DataFrame.
Try using .loc[row_indexer,col_indexer] = value instead

See the caveats in the documentation: https://pandas.pydata.org/pandas-docs/stable/user_guide/indexing.html#returning-a-view-versus-a-copy
  df_faits['mois'] = data["jour"].dt.month

[2024-08-06T17:37:44.318+0000] {warnings.py:112} WARNING - /opt/***/dags/gps/custom_dags/motower_daily.py:140: SettingWithCopyWarning: 
A value is trying to be set on a copy of a slice from a DataFrame.
Try using .loc[row_indexer,col_indexer] = value instead

See the caveats in the documentation: https://pandas.pydata.org/pandas-docs/stable/user_guide/indexing.html#returning-a-view-versus-a-copy
  df_faits['annee'] = data["jour"].dt.year

[2024-08-06T17:37:45.801+0000] {python.py:237} INFO - Done. Returned value was: None
[2024-08-06T17:37:45.801+0000] {taskinstance.py:441} INFO - ::group::Post task execution logs
[2024-08-06T17:37:45.810+0000] {taskinstance.py:1206} INFO - Marking task as SUCCESS. dag_id=motower_daily_prod, task_id=motower_dcaparc, run_id=scheduled__2024-03-15T06:00:00+00:00, execution_date=20240315T060000, start_date=20240806T173743, end_date=20240806T173745
[2024-08-06T17:37:45.866+0000] {local_task_job_runner.py:243} INFO - Task exited with return code 0
[2024-08-06T17:37:45.889+0000] {taskinstance.py:3503} INFO - 0 downstream tasks scheduled from follow-on schedule check
[2024-08-06T17:37:45.891+0000] {local_task_job_runner.py:222} INFO - ::endgroup::
[2024-08-06T18:25:27.482+0000] {local_task_job_runner.py:120} INFO - ::group::Pre task execution logs
[2024-08-06T18:25:27.524+0000] {taskinstance.py:2076} INFO - Dependencies all met for dep_context=non-requeueable deps ti=<TaskInstance: motower_daily_prod.motower_dcaparc scheduled__2024-03-15T06:00:00+00:00 [queued]>
[2024-08-06T18:25:27.540+0000] {taskinstance.py:2076} INFO - Dependencies all met for dep_context=requeueable deps ti=<TaskInstance: motower_daily_prod.motower_dcaparc scheduled__2024-03-15T06:00:00+00:00 [queued]>
[2024-08-06T18:25:27.540+0000] {taskinstance.py:2306} INFO - Starting attempt 1 of 1
[2024-08-06T18:25:27.556+0000] {taskinstance.py:2330} INFO - Executing <Task(PythonOperator): motower_dcaparc> on 2024-03-15 06:00:00+00:00
[2024-08-06T18:25:27.565+0000] {warnings.py:112} WARNING - /home/***/.local/lib/python3.12/site-packages/***/task/task_runner/standard_task_runner.py:62: DeprecationWarning: This process (pid=11321) is multi-threaded, use of fork() may lead to deadlocks in the child.
  pid = os.fork()

[2024-08-06T18:25:27.567+0000] {standard_task_runner.py:64} INFO - Started process 11330 to run task
[2024-08-06T18:25:27.568+0000] {standard_task_runner.py:90} INFO - Running: ['***', 'tasks', 'run', 'motower_daily_prod', 'motower_dcaparc', 'scheduled__2024-03-15T06:00:00+00:00', '--job-id', '3129', '--raw', '--subdir', 'DAGS_FOLDER/gps/custom_dags/motower_daily.py', '--cfg-path', '/tmp/tmp0aoyebnd']
[2024-08-06T18:25:27.570+0000] {standard_task_runner.py:91} INFO - Job 3129: Subtask motower_dcaparc
[2024-08-06T18:25:27.631+0000] {task_command.py:426} INFO - Running <TaskInstance: motower_daily_prod.motower_dcaparc scheduled__2024-03-15T06:00:00+00:00 [running]> on host 13681191f11c
[2024-08-06T18:25:27.775+0000] {taskinstance.py:2648} INFO - Exporting env vars: AIRFLOW_CTX_DAG_EMAIL='richmond.kongo@orange.com,assane.diop@orange.com,cyrille1.danho@orange.com,mohamed2.sylla@orange.com,amadou.diomande@orange.com,Jonas.kouame@orange.com,armand.kablan@orange.com,anicet.azombade@orange.com,etienne.kouadio@orange.com,bertine.kouakou@orange.com,florentine.kouakou@orange.com,ange.phaceli@orange.com,soulegame.soro@orange.com,innocent.yengo@orange.com' AIRFLOW_CTX_DAG_OWNER='***' AIRFLOW_CTX_DAG_ID='motower_daily_prod' AIRFLOW_CTX_TASK_ID='motower_dcaparc' AIRFLOW_CTX_EXECUTION_DATE='2024-03-15T06:00:00+00:00' AIRFLOW_CTX_TRY_NUMBER='1' AIRFLOW_CTX_DAG_RUN_ID='scheduled__2024-03-15T06:00:00+00:00'
[2024-08-06T18:25:27.777+0000] {taskinstance.py:430} INFO - ::endgroup::
[2024-08-06T18:25:27.804+0000] {motower_daily.py:106} INFO - get last modified bdd sites cleaned
[2024-08-06T18:25:27.823+0000] {motower_daily.py:117} INFO - READING BASE_SITES-cleaned/2024/04/02.csv
[2024-08-06T18:25:27.963+0000] {data_validation.py:28} INFO - START VALIDATION 
[2024-08-06T18:25:27.966+0000] {data_validation.py:40} INFO - VALID ACTIFS SITES 3482
[2024-08-06T18:25:27.967+0000] {motower_daily.py:127} INFO - GET CA PARC FILE OF THE DAY 2024-03-14
[2024-08-06T18:25:27.967+0000] {motower_daily.py:131} INFO - READING ca-parc/2024/03/14.csv
[2024-08-06T18:25:28.007+0000] {motower_daily.py:136} INFO - DAILY KPI -      day_id       ca_voix       ca_data      parc  parc_data   parc_2g  parc_3g  parc_4g  parc_5g  parc_other      ca_total
0  20240314  5.602528e+08  7.290098e+08  16901777    9005125  13081875   912390  7139566   387610     1507765  1.306526e+09
[2024-08-06T18:25:28.008+0000] {data_validation.py:11} INFO - START VALIDATION OF COLUMN ca_total
[2024-08-06T18:25:28.009+0000] {data_validation.py:20} INFO - DATA OF COLUMN ca_total ARE VALID
[2024-08-06T18:25:28.010+0000] {data_validation.py:11} INFO - START VALIDATION OF COLUMN ca_voix
[2024-08-06T18:25:28.011+0000] {data_validation.py:20} INFO - DATA OF COLUMN ca_voix ARE VALID
[2024-08-06T18:25:28.011+0000] {data_validation.py:11} INFO - START VALIDATION OF COLUMN ca_data
[2024-08-06T18:25:28.012+0000] {data_validation.py:20} INFO - DATA OF COLUMN ca_data ARE VALID
[2024-08-06T18:25:28.012+0000] {data_validation.py:11} INFO - START VALIDATION OF COLUMN parc
[2024-08-06T18:25:28.014+0000] {data_validation.py:20} INFO - DATA OF COLUMN parc ARE VALID
[2024-08-06T18:25:28.015+0000] {data_validation.py:11} INFO - START VALIDATION OF COLUMN parc_data
[2024-08-06T18:25:28.022+0000] {logging_mixin.py:188} INFO - FILE OF 2024-03-14 have invalid parc_data: 

     day_id  parc_data
0  20240314    9005125
[2024-08-06T18:25:28.023+0000] {alerting.py:30} INFO - Sending mail ... 
[2024-08-06T18:25:28.023+0000] {alerting.py:38} ERROR - Failed to send email: please run connect() first
[2024-08-06T18:25:28.024+0000] {taskinstance.py:441} INFO - ::group::Post task execution logs
[2024-08-06T18:25:28.024+0000] {taskinstance.py:2905} ERROR - Task failed with exception
Traceback (most recent call last):
  File "/home/airflow/.local/lib/python3.12/site-packages/airflow/models/taskinstance.py", line 465, in _execute_task
    result = _execute_callable(context=context, **execute_callable_kwargs)
             ^^^^^^^^^^^^^^^^^^^^^^^^^^^^^^^^^^^^^^^^^^^^^^^^^^^^^^^^^^^^^
  File "/home/airflow/.local/lib/python3.12/site-packages/airflow/models/taskinstance.py", line 432, in _execute_callable
    return execute_callable(context=context, **execute_callable_kwargs)
           ^^^^^^^^^^^^^^^^^^^^^^^^^^^^^^^^^^^^^^^^^^^^^^^^^^^^^^^^^^^^
  File "/home/airflow/.local/lib/python3.12/site-packages/airflow/models/baseoperator.py", line 401, in wrapper
    return func(self, *args, **kwargs)
           ^^^^^^^^^^^^^^^^^^^^^^^^^^^
  File "/home/airflow/.local/lib/python3.12/site-packages/airflow/operators/python.py", line 235, in execute
    return_value = self.execute_callable()
                   ^^^^^^^^^^^^^^^^^^^^^^^
  File "/home/airflow/.local/lib/python3.12/site-packages/airflow/operators/python.py", line 252, in execute_callable
    return self.python_callable(*self.op_args, **self.op_kwargs)
           ^^^^^^^^^^^^^^^^^^^^^^^^^^^^^^^^^^^^^^^^^^^^^^^^^^^^^
  File "/opt/airflow/dags/gps/custom_dags/motower_daily.py", line 119, in gen_motower_daily
    data = generate_daily_caparc(
      ^^^^^^^^^^^^^^^^^^^^^^
  File "/opt/airflow/dags/gps/common/motower_daily.py", line 138, in generate_daily_caparc
    validate_column(df=df_for_validation, col=col, host=smtphost, port=smtpport, user=smtpuser, file_type="CAPARC", date=date)
  File "/opt/airflow/dags/gps/common/data_validation.py", line 19, in validate_column
    raise ValueError(message)
ValueError: FILE OF 2024-03-14 have invalid parc_data: 

     day_id  parc_data
0  20240314    9005125
[2024-08-06T18:25:28.039+0000] {taskinstance.py:1206} INFO - Marking task as FAILED. dag_id=motower_daily_prod, task_id=motower_dcaparc, run_id=scheduled__2024-03-15T06:00:00+00:00, execution_date=20240315T060000, start_date=20240806T182527, end_date=20240806T182528
[2024-08-06T18:25:28.063+0000] {warnings.py:112} WARNING - /home/***/.local/lib/python3.12/site-packages/***/utils/email.py:154: RemovedInAirflow3Warning: Fetching SMTP credentials from configuration variables will be deprecated in a future release. Please set credentials using a connection instead.
  send_mime_email(e_from=mail_from, e_to=recipients, mime_msg=msg, conn_id=conn_id, dryrun=dryrun)

[2024-08-06T18:25:28.064+0000] {configuration.py:1053} WARNING - section/key [smtp/smtp_user] not found in config
[2024-08-06T18:25:28.064+0000] {email.py:271} INFO - Email alerting: attempt 1
[2024-08-06T18:25:28.073+0000] {configuration.py:1053} WARNING - section/key [smtp/smtp_user] not found in config
[2024-08-06T18:25:28.073+0000] {email.py:271} INFO - Email alerting: attempt 1
[2024-08-06T18:25:28.074+0000] {taskinstance.py:879} ERROR - Failed to send email to: ['richmond.kongo@orange.com', 'assane.diop@orange.com', 'cyrille1.danho@orange.com', 'mohamed2.sylla@orange.com', 'amadou.diomande@orange.com', 'Jonas.kouame@orange.com', 'armand.kablan@orange.com', 'anicet.azombade@orange.com', 'etienne.kouadio@orange.com', 'bertine.kouakou@orange.com', 'florentine.kouakou@orange.com', 'ange.phaceli@orange.com', 'soulegame.soro@orange.com', 'innocent.yengo@orange.com']
Traceback (most recent call last):
  File "/home/airflow/.local/lib/python3.12/site-packages/airflow/models/taskinstance.py", line 2479, in _run_raw_task
    self._execute_task_with_callbacks(context, test_mode, session=session)
  File "/home/airflow/.local/lib/python3.12/site-packages/airflow/models/taskinstance.py", line 2676, in _execute_task_with_callbacks
    result = self._execute_task(context, task_orig)
             ^^^^^^^^^^^^^^^^^^^^^^^^^^^^^^^^^^^^^^
  File "/home/airflow/.local/lib/python3.12/site-packages/airflow/models/taskinstance.py", line 2701, in _execute_task
    return _execute_task(self, context, task_orig)
           ^^^^^^^^^^^^^^^^^^^^^^^^^^^^^^^^^^^^^^^
  File "/home/airflow/.local/lib/python3.12/site-packages/airflow/models/taskinstance.py", line 465, in _execute_task
    result = _execute_callable(context=context, **execute_callable_kwargs)
             ^^^^^^^^^^^^^^^^^^^^^^^^^^^^^^^^^^^^^^^^^^^^^^^^^^^^^^^^^^^^^
  File "/home/airflow/.local/lib/python3.12/site-packages/airflow/models/taskinstance.py", line 432, in _execute_callable
    return execute_callable(context=context, **execute_callable_kwargs)
           ^^^^^^^^^^^^^^^^^^^^^^^^^^^^^^^^^^^^^^^^^^^^^^^^^^^^^^^^^^^^
  File "/home/airflow/.local/lib/python3.12/site-packages/airflow/models/baseoperator.py", line 401, in wrapper
    return func(self, *args, **kwargs)
           ^^^^^^^^^^^^^^^^^^^^^^^^^^^
  File "/home/airflow/.local/lib/python3.12/site-packages/airflow/operators/python.py", line 235, in execute
    return_value = self.execute_callable()
                   ^^^^^^^^^^^^^^^^^^^^^^^
  File "/home/airflow/.local/lib/python3.12/site-packages/airflow/operators/python.py", line 252, in execute_callable
    return self.python_callable(*self.op_args, **self.op_kwargs)
           ^^^^^^^^^^^^^^^^^^^^^^^^^^^^^^^^^^^^^^^^^^^^^^^^^^^^^
  File "/opt/airflow/dags/gps/custom_dags/motower_daily.py", line 119, in gen_motower_daily
    data = generate_daily_caparc(
      ^^^^^^^^^^^^^^^^^^^^^^
  File "/opt/airflow/dags/gps/common/motower_daily.py", line 138, in generate_daily_caparc
    validate_column(df=df_for_validation, col=col, host=smtphost, port=smtpport, user=smtpuser, file_type="CAPARC", date=date)
  File "/opt/airflow/dags/gps/common/data_validation.py", line 19, in validate_column
    raise ValueError(message)
ValueError: FILE OF 2024-03-14 have invalid parc_data: 

     day_id  parc_data
0  20240314    9005125

During handling of the above exception, another exception occurred:

Traceback (most recent call last):
  File "/home/airflow/.local/lib/python3.12/site-packages/airflow/models/taskinstance.py", line 1063, in _email_alert
    send_email(task.email, subject, html_content)
  File "/home/airflow/.local/lib/python3.12/site-packages/airflow/utils/email.py", line 80, in send_email
    return backend(
           ^^^^^^^^
  File "/home/airflow/.local/lib/python3.12/site-packages/airflow/utils/email.py", line 154, in send_email_smtp
    send_mime_email(e_from=mail_from, e_to=recipients, mime_msg=msg, conn_id=conn_id, dryrun=dryrun)
  File "/home/airflow/.local/lib/python3.12/site-packages/airflow/utils/email.py", line 273, in send_mime_email
    smtp_conn = _get_smtp_connection(smtp_host, smtp_port, smtp_timeout, smtp_ssl)
                ^^^^^^^^^^^^^^^^^^^^^^^^^^^^^^^^^^^^^^^^^^^^^^^^^^^^^^^^^^^^^^^^^^
  File "/home/airflow/.local/lib/python3.12/site-packages/airflow/utils/email.py", line 317, in _get_smtp_connection
    return smtplib.SMTP(host=host, port=port, timeout=timeout)
           ^^^^^^^^^^^^^^^^^^^^^^^^^^^^^^^^^^^^^^^^^^^^^^^^^^^
  File "/usr/local/lib/python3.12/smtplib.py", line 255, in __init__
    (code, msg) = self.connect(host, port)
                  ^^^^^^^^^^^^^^^^^^^^^^^^
  File "/usr/local/lib/python3.12/smtplib.py", line 341, in connect
    self.sock = self._get_socket(host, port, self.timeout)
                ^^^^^^^^^^^^^^^^^^^^^^^^^^^^^^^^^^^^^^^^^^
  File "/usr/local/lib/python3.12/smtplib.py", line 312, in _get_socket
    return socket.create_connection((host, port), timeout,
           ^^^^^^^^^^^^^^^^^^^^^^^^^^^^^^^^^^^^^^^^^^^^^^^
  File "/usr/local/lib/python3.12/socket.py", line 853, in create_connection
    raise exceptions[0]
  File "/usr/local/lib/python3.12/socket.py", line 838, in create_connection
    sock.connect(sa)
ConnectionRefusedError: [Errno 111] Connection refused

During handling of the above exception, another exception occurred:

Traceback (most recent call last):
  File "/home/airflow/.local/lib/python3.12/site-packages/airflow/models/taskinstance.py", line 877, in _handle_failure
    task_instance.email_alert(error, failure_context["task"])
  File "/home/airflow/.local/lib/python3.12/site-packages/airflow/models/taskinstance.py", line 3163, in email_alert
    _email_alert(task_instance=self, exception=exception, task=task)
  File "/home/airflow/.local/lib/python3.12/site-packages/airflow/models/taskinstance.py", line 1065, in _email_alert
    send_email(task.email, subject, html_content_err)
  File "/home/airflow/.local/lib/python3.12/site-packages/airflow/utils/email.py", line 80, in send_email
    return backend(
           ^^^^^^^^
  File "/home/airflow/.local/lib/python3.12/site-packages/airflow/utils/email.py", line 154, in send_email_smtp
    send_mime_email(e_from=mail_from, e_to=recipients, mime_msg=msg, conn_id=conn_id, dryrun=dryrun)
  File "/home/airflow/.local/lib/python3.12/site-packages/airflow/utils/email.py", line 273, in send_mime_email
    smtp_conn = _get_smtp_connection(smtp_host, smtp_port, smtp_timeout, smtp_ssl)
                ^^^^^^^^^^^^^^^^^^^^^^^^^^^^^^^^^^^^^^^^^^^^^^^^^^^^^^^^^^^^^^^^^^
  File "/home/airflow/.local/lib/python3.12/site-packages/airflow/utils/email.py", line 317, in _get_smtp_connection
    return smtplib.SMTP(host=host, port=port, timeout=timeout)
           ^^^^^^^^^^^^^^^^^^^^^^^^^^^^^^^^^^^^^^^^^^^^^^^^^^^
  File "/usr/local/lib/python3.12/smtplib.py", line 255, in __init__
    (code, msg) = self.connect(host, port)
                  ^^^^^^^^^^^^^^^^^^^^^^^^
  File "/usr/local/lib/python3.12/smtplib.py", line 341, in connect
    self.sock = self._get_socket(host, port, self.timeout)
                ^^^^^^^^^^^^^^^^^^^^^^^^^^^^^^^^^^^^^^^^^^
  File "/usr/local/lib/python3.12/smtplib.py", line 312, in _get_socket
    return socket.create_connection((host, port), timeout,
           ^^^^^^^^^^^^^^^^^^^^^^^^^^^^^^^^^^^^^^^^^^^^^^^
  File "/usr/local/lib/python3.12/socket.py", line 853, in create_connection
    raise exceptions[0]
  File "/usr/local/lib/python3.12/socket.py", line 838, in create_connection
    sock.connect(sa)
ConnectionRefusedError: [Errno 111] Connection refused
[2024-08-06T18:25:28.079+0000] {alerting.py:71} INFO - send alert mail to richmond.kongo@orange.com, assane.diop@orange.com, cyrille1.danho@orange.com, mohamed2.sylla@orange.com, amadou.diomande@orange.com, Jonas.kouame@orange.com, armand.kablan@orange.com, anicet.azombade@orange.com, etienne.kouadio@orange.com, bertine.kouakou@orange.com, florentine.kouakou@orange.com, ange.phaceli@orange.com, soulegame.soro@orange.com, innocent.yengo@orange.com
[2024-08-06T18:25:28.079+0000] {alerting.py:30} INFO - Sending mail ... 
[2024-08-06T18:25:28.080+0000] {alerting.py:38} ERROR - Failed to send email: please run connect() first
[2024-08-06T18:25:28.097+0000] {standard_task_runner.py:110} ERROR - Failed to execute job 3129 for task motower_dcaparc (FILE OF 2024-03-14 have invalid parc_data: 

     day_id  parc_data
0  20240314    9005125; 11330)
[2024-08-06T18:25:28.141+0000] {local_task_job_runner.py:243} INFO - Task exited with return code 1
[2024-08-06T18:25:28.160+0000] {taskinstance.py:3503} INFO - 0 downstream tasks scheduled from follow-on schedule check
[2024-08-06T18:25:28.164+0000] {local_task_job_runner.py:222} INFO - ::endgroup::
